The column 'isnationalpark' on table 'Parks' should map to a property of type 'float', but its values are in an incompatible format. Using a different type.
The column 'isstatepark' on table 'Parks' should map to a property of type 'float', but its values are in an incompatible format. Using a different type.
The column 'apinumber' on table 'apilog' should map to a property of type 'float', but its values are in an incompatible format. Using a different type.
The column 'UID' on table 'Card' should map to a property of type 'float', but its values are in an incompatible format. Using a different type.
The column 'CardLast4' on table 'Card' should map to a property of type 'float', but its values are in an incompatible format. Using a different type.
The column 'CardExpDate' on table 'Card' should map to a property of type 'DateOnly', but its values are in an incompatible format. Using a different type.
The column 'BillingZip' on table 'Card' should map to a property of type 'float', but its values are in an incompatible format. Using a different type.
The column 'cardbtn' on table 'Card' should map to a property of type 'float', but its values are in an incompatible format. Using a different type.
The column 'CardLast4' on table 'Payment' should map to a property of type 'float', but its values are in an incompatible format. Using a different type.
The column 'CardExpDate' on table 'Payment' should map to a property of type 'DateOnly', but its values are in an incompatible format. Using a different type.
The column 'PaymentDate' on table 'Payment' should map to a property of type 'DateTime', but its values are in an incompatible format. Using a different type.
The column 'SiteId' on table 'SalesCatalogue' should map to a property of type 'float', but its values are in an incompatible format. Using a different type.
The column 'postalzip' on table 'userprofiles' should map to a property of type 'float', but its values are in an incompatible format. Using a different type.
The column 'Useridasstring' on table 'userprofiles' should map to a property of type 'float', but its values are in an incompatible format. Using a different type.
The column 'datePosted' on table 'ParkReviews' should map to a property of type 'DateOnly', but its values are in an incompatible format. Using a different type.
The column 'UID' on table 'Booking' should map to a property of type 'float', but its values are in an incompatible format. Using a different type.
The column 'BillingTelephoneNumber' on table 'Booking' should map to a property of type 'float', but its values are in an incompatible format. Using a different type.
The column 'CreditCardLast4' on table 'Booking' should map to a property of type 'float', but its values are in an incompatible format. Using a different type.
The column 'CreditCardExpDate' on table 'Booking' should map to a property of type 'DateOnly', but its values are in an incompatible format. Using a different type.
The column 'Cartid' on table 'Booking' should map to a property of type 'float', but its values are in an incompatible format. Using a different type.
The column 'shopid' on table 'CARTITEM' should map to a property of type 'float', but its values are in an incompatible format. Using a different type.
The column 'parkid' on table 'CARTITEM' should map to a property of type 'float', but its values are in an incompatible format. Using a different type.
The column 'qrcodeurl' on table 'CARTITEM' should map to a property of type 'float', but its values are in an incompatible format. Using a different type.
The column 'reservationcode' on table 'CARTITEM' should map to a property of type 'float', but its values are in an incompatible format. Using a different type.
The column 'memberid' on table 'CARTITEM' should map to a property of type 'float', but its values are in an incompatible format. Using a different type.
The column 'uid' on table 'Cart' should map to a property of type 'float', but its values are in an incompatible format. Using a different type.
The column 'ParkId' on table 'ParkCalendar' should map to a property of type 'float', but its values are in an incompatible format. Using a different type.